[nhapcaptcha.com/index.html]
[backblue.gif]
[fade.gif]
[index.html]
[cdn.secure.website/library/users/common.css]
[files.secure.website/client-site-resources/10649868/css/site80e9.css]
[files.secure.website/client-site-resources/10649868/css/layout-desktop80e9.css]
[nhapcaptcha.com/css/positione39d.css]
[nhapcaptcha.com/css/index.css]
[nhapcaptcha.com/css/index-layout.css]
[cdn.secure.website/library/users/wse-frm.css]
[ajax.googleapis.com/ajax/libs/jquery/1.11.1/jquery.min.js]
[cdn.secure.website/library/users/common.js]
[cdn.secure.website/library/formbuilder.jquery.js]
[nhapcaptcha.com/index-2.html]
[nhapcaptcha.com/index-3.html]
[nhapcaptcha.com/dangnhap.html]
[nhapcaptcha.com/99k.html]
[nhapcaptcha.com/cdn-cgi/l/email-protection.html]
[nhapcaptcha.com/index.html]
[cdn.secure.website/library/users/common.css]
[static.secure.website/library/images/effects/gradient-shiny-hq.png]
[nhapcaptcha.com/cdn-cgi/scripts/5c5dd728/cloudflare-static/email-decode.min.js]
[static.secure.website/library/images/effects/gradient-vista-hq.png]
[static.secure.website/library/images/effects/liftedshadow_m-hq.png]
[static.secure.website/library/images/effects/cornershadow-hq.png]
[static.secure.website/library/images/effects/rounded-shadow-hq.png]
[static.secure.website/library/users/img/arrow.png]
[files.secure.website/client-site-resources/10649868/css/site80e9.css]
[files.secure.website/client-site-resources/10649868/css/layout-desktop80e9.css]
[nhapcaptcha.com/css/positione39d.css]
[nhapcaptcha.com/css/index.css]
[nhapcaptcha.com/css/index-layout.css]
[static.webstarts.com/library/users/img/select-down-arrow.gif]
[cdn.secure.website/library/users/wse-frm.css]
[nhapcaptcha.com/index-2.html]
[nhapcaptcha.com/index-3.html]
[nhapcaptcha.com/css/dangnhap-layout.css]
[nhapcaptcha.com/img/formdangki-w864-o.png]
[files.secure.website/wscfus/10649868/29486826/20210923-185810-w500-o.png]
[files.secure.website/wscfus/10649868/29193414/1632322214205-w500-o.png]
[nhapcaptcha.com/dangnhap.html]
[nhapcaptcha.com/css/99k.css]
[nhapcaptcha.com/t99k.html]
[files.secure.website/wscfus/10649868/29896426/1639555875306-w500-o.png]
[nhapcaptcha.com/t199k.html]
[files.secure.website/wscfus/10649868/29896424/199k-w500-o.png]
[files.secure.website/wscfus/10649868/29193416/1632322214199-w864-o.png]
[files.secure.website/wscfus/10649868/29189867/20210920-185907-1-w1280-o.png]
[nhapcaptcha.com/99k.html]
[nhapcaptcha.com/cdn-cgi/l/email-protection.html]
[nhapcaptcha.com/css/dangnhap-layout.css]
[nhapcaptcha.com/css/99k.css]
[nhapcaptcha.com/css/t99k.css]
[nhapcaptcha.com/img/99k.png]
[nhapcaptcha.com/t99k.html]
[nhapcaptcha.com/img/199k.png]
[nhapcaptcha.com/t199k.html]
[nhapcaptcha.com/css/t99k.css]
